---------------------------------------
Capacitance Values
Input file : LP1.dat.in
---------------------------------------
 [0][0] = 106.074
 [1][0] = -79.8756
 [0][1] = -79.8758
 [1][1] = 106.075

Estimated Maximum Computational Error is: -0

User CPU time: 30
 Sys CPU time: 0
